============================= test session starts =============================
collected 55 items

